// Jest Snapshot v1, https://goo.gl/fbAQLP

exports[`should get all the dates from the milestones 1`] = `
Array [
  Object {
    "end": "2020-01-13T00:00:00.000Z",
    "start": "2020-01-11T00:00:00.000Z",
  },
  Object {
    "end": "2020-02-07T00:00:00.000Z",
    "start": "2020-01-13T00:00:00.000Z",
  },
  Object {
    "end": "2020-03-04T00:00:00.000Z",
    "start": "2020-02-07T00:00:00.000Z",
  },
  Object {
    "end": "2020-03-16T00:00:00.000Z",
    "start": "2020-03-04T00:00:00.000Z",
  },
  Object {
    "end": "2020-05-09T20:47:50.756Z",
    "start": "2020-03-16T00:00:00.000Z",
  },
]
`;
